******************************************************************************
                  TI ARM Linker PC v20.2.1                     
******************************************************************************
>> Linked Fri Aug 28 12:48:31 2020

OUTPUT FILE NAME:   <uhf_base.out>
ENTRY POINT SYMBOL: "_c_int00"  address: 0000ed5c


MEMORY CONFIGURATION

         name            origin    length      used     unused   attr    fill
----------------------  --------  ---------  --------  --------  ----  --------
  VECTORS               00000000   00000020  00000020  00000000     X
  KERNEL                00000020   00008000  00004014  00003fec  R  X
  FLASH0                00008020   00137fe0  00008274  0012fd6c  R  X
  STACKS                08000000   00000800  00000000  00000800  RW  
  KRAM                  08000800   00000800  00000104  000006fc  RW  
  RAM                   08001000   0002f000  00002528  0002cad8  RW  


SEGMENT ALLOCATION MAP

run origin  load origin   length   init length attrs members
----------  ----------- ---------- ----------- ----- -------
00000000    00000000    000037e4   000037e4    r-x
  00000000    00000000    00000020   00000020    r-x .intvecs
  00000020    00000020    000037c4   000037c4    r-x .kernelTEXT
000037e8    000037e8    00000800   00000000    rw-
  000037e8    000037e8    00000800   00000000    rw- .sysmem
00003fe8    00003fe8    00000050   00000050    r--
  00003fe8    00003fe8    00000050   00000050    r-- .cinit
00008020    00008020    00008274   00008274    r-x
  00008020    00008020    00008074   00008074    r-x .text
  00010094    00010094    00000200   00000200    r-- .const
08000800    08000800    00000104   00000000    rw-
  08000800    08000800    00000104   00000000    rw- .kernelBSS
08001000    08001000    00002528   00000000    rw-
  08001000    08001000    00002000   00000000    rw- .kernelHEAP
  08003000    08003000    00000510   00000000    rw- .bss
  08003510    08003510    00000018   00000000    rw- .data


SECTION ALLOCATION MAP

 output                                  attributes/
section   page    origin      length       input sections
--------  ----  ----------  ----------   ----------------
.intvecs   0    00000000    00000020     
                  00000000    00000020     sys_intvecs.obj (.intvecs)

.kernelTEXT 
*          0    00000020    000037c4     
                  00000020    00002bb8     os_tasks.obj (.kernelTEXT)
                  00002bd8    000004b0     os_portasm.obj (.kernelTEXT)
                  00003088    000003e0     os_port.obj (.kernelTEXT)
                  00003468    0000037c     os_heap.obj (.kernelTEXT)

.cinit     0    00003fe8    00000050     
                  00003fe8    0000000c     (__TI_handler_table)
                  00003ff4    0000000b     (.cinit..data.load) [load image, compression = lzss]
                  00003fff    00000009     (.cinit..kernelBSS.load) [load image, compression = lzss]
                  00004008    00000008     (.cinit..bss.load) [load image, compression = zero_init]
                  00004010    00000008     (.cinit..kernelHEAP.load) [load image, compression = zero_init]
                  00004018    00000020     (__TI_cinit_table)

.text      0    00008020    00008074     
                  00008020    00002cdc     sys_selftest.obj (.text)
                  0000acfc    00000b64     system.obj (.text)
                  0000b860    00000a58     sys_vim.obj (.text)
                  0000c2b8    000008b4     pinmux.obj (.text)
                  0000cb6c    00000800     dfgm_converter.obj (.text)
                  0000d36c    000007b8     sci.obj (.text)
                  0000db24    00000664     errata_SSWF021_45.obj (.text)
                  0000e188    000005bc     esm.obj (.text)
                  0000e744    0000034c     sys_core.obj (.text)
                  0000ea90    000002cc     sys_vim.obj (.text:retain)
                  0000ed5c    00000288     sys_startup.obj (.text:retain)
                  0000efe4    00000278     os_heap.obj (.text)
                  0000f25c    00000238     os_list.obj (.text)
                  0000f494    00000204     sci.obj (.text:retain)
                  0000f698    000001b0     os_port.obj (.text)
                  0000f848    00000158     os_tasks.obj (.text)
                  0000f9a0    00000114     esm.obj (.text:retain)
                  0000fab4    000000e8     dabort.obj (.text)
                  0000fb9c    000000e0     rtsv7R4_T_be_v3D16_eabi.lib : s_floor.c.obj (.text:floor)
                  0000fc7c    000000e0     sys_pmu.obj (.text)
                  0000fd5c    000000b4     sys_main.obj (.text)
                  0000fe10    0000009c     rtsv7R4_T_be_v3D16_eabi.lib : memcpy_t2.asm.obj (.text)
                  0000feac    00000080     notification.obj (.text)
                  0000ff2c    0000007a     rtsv7R4_T_be_v3D16_eabi.lib : memset_t2.asm.obj (.text)
                  0000ffa6    0000006c                                 : copy_decompress_lzss.c.obj (.text:decompress:lzss:__TI_decompress_lzss)
                  00010012    00000002     --HOLE-- [fill = 0]
                  00010014    00000044                                 : autoinit.c.obj (.text:__TI_auto_init_nobinit_nopinit:__TI_auto_init_nobinit_nopinit)
                  00010058    00000016                                 : strlen.c.obj (.text:strlen)
                  0001006e    0000000e                                 : copy_decompress_none.c.obj (.text:decompress:none:__TI_decompress_none)
                  0001007c    0000000c                                 : copy_zero_init.c.obj (.text:decompress:ZI:__TI_zero_init)
                  00010088    00000004                                 : exit.c.obj (.text:abort:abort)
                  0001008c    00000004     sys_phantom.obj (.text:retain)
                  00010090    00000004     sys_startup.obj (.text)

.const     0    00010094    00000200     
                  00010094    00000200     sys_vim.obj (.const:s_vim_init)

.kernelBSS 
*          0    08000800    00000104     UNINITIALIZED
                  08000800    000000d0     os_tasks.obj (.kernelBSS:uninit)
                  080008d0    00000034     os_tasks.obj (.kernelBSS:init)

.kernelHEAP 
*          0    08001000    00002000     UNINITIALIZED
                  08001000    00002000     os_heap.obj (.kernelHEAP)

.bss       0    08003000    00000510     UNINITIALIZED
                  08003000    000004e0     (.common:dfgmBuffer)
                  080034e0    00000028     sci.obj (.bss:g_sciTransfer_t)
                  08003508    00000008     os_heap.obj (.bss:xStart)

.data      0    08003510    00000018     UNINITIALIZED
                  08003510    00000010     os_heap.obj (.data)
                  08003520    00000008     os_port.obj (.data)

__llvm_prf_cnts 
*          0    08001000    00000000     UNINITIALIZED

.sysmem    0    000037e8    00000800     UNINITIALIZED
                  000037e8    00000010     rtsv7R4_T_be_v3D16_eabi.lib : memory.c.obj (.sysmem)
                  000037f8    000007f0     --HOLE--

MODULE SUMMARY

       Module                       code    ro data   rw data
       ------                       ----    -------   -------
    .\source\
       os_tasks.obj                 11536   0         260    
       sys_selftest.obj             11484   0         0      
       os_heap.obj                  1524    0         8216   
       sys_vim.obj                  3364    512       0      
       system.obj                   2916    0         0      
       sci.obj                      2492    0         40     
       pinmux.obj                   2228    0         0      
       esm.obj                      1744    0         0      
       errata_SSWF021_45.obj        1636    0         0      
       os_port.obj                  1424    0         8      
       sys_main.obj                 180     0         1248   
       os_portasm.obj               1200    0         0      
       sys_core.obj                 844     0         0      
       sys_startup.obj              652     0         0      
       os_list.obj                  568     0         0      
       dabort.obj                   232     0         0      
       sys_pmu.obj                  224     0         0      
       notification.obj             128     0         0      
       sys_intvecs.obj              32      0         0      
       sys_phantom.obj              4       0         0      
    +--+----------------------------+-------+---------+---------+
       Total:                       44412   512       9772   
                                                             
    .\source\dfgm\
       dfgm_converter.obj           2048    0         0      
    +--+----------------------------+-------+---------+---------+
       Total:                       2048    0         0      
                                                             
    C:/ti/ccs1010/ccs/tools/compiler/ti-cgt-arm_20.2.1.LTS/lib/rtsv7R4_T_be_v3D16_eabi.lib
       s_floor.c.obj                224     0         0      
       memcpy_t2.asm.obj            156     0         0      
       memset_t2.asm.obj            122     0         0      
       copy_decompress_lzss.c.obj   108     0         0      
       autoinit.c.obj               68      0         0      
       strlen.c.obj                 22      0         0      
       copy_decompress_none.c.obj   14      0         0      
       copy_zero_init.c.obj         12      0         0      
       exit.c.obj                   4       0         0      
    +--+----------------------------+-------+---------+---------+
       Total:                       730     0         0      
                                                             
       Heap:                        0       0         2048   
       Linker Generated:            0       80        0      
    +--+----------------------------+-------+---------+---------+
       Grand Total:                 47190   592       11820  


LINKER GENERATED COPY TABLES

__TI_cinit_table @ 00004018 records: 4, size/record: 8, table size: 32
	.data: load addr=00003ff4, load size=0000000b bytes, run addr=08003510, run size=00000018 bytes, compression=lzss
	.kernelBSS: load addr=00003fff, load size=00000009 bytes, run addr=08000800, run size=00000104 bytes, compression=lzss
	.bss: load addr=00004008, load size=00000008 bytes, run addr=08003000, run size=00000510 bytes, compression=zero_init
	.kernelHEAP: load addr=00004010, load size=00000008 bytes, run addr=08001000, run size=00002000 bytes, compression=zero_init


LINKER GENERATED HANDLER TABLE

__TI_handler_table @ 00003fe8 records: 3, size/record: 4, table size: 12
	index: 0, handler: __TI_decompress_lzss
	index: 1, handler: __TI_decompress_none
	index: 2, handler: __TI_zero_init


GLOBAL SYMBOLS: SORTED ALPHABETICALLY BY Name 

address   name                                
-------   ----                                
00010089  C$$EXIT                             
UNDEFED   SHT$$INIT_ARRAY$$Base               
UNDEFED   SHT$$INIT_ARRAY$$Limit              
00000800  __SYSMEM_SIZE                       
00004018  __TI_CINIT_Base                     
00004038  __TI_CINIT_Limit                    
00003fe8  __TI_Handler_Table_Base             
00003ff4  __TI_Handler_Table_Limit            
0000ea88  __TI_PINIT_Base                     
0000ea8c  __TI_PINIT_Limit                    
00010015  __TI_auto_init_nobinit_nopinit      
0000ffa7  __TI_decompress_lzss                
0001006f  __TI_decompress_none                
ffffffff  __TI_pprof_out_hndl                 
ffffffff  __TI_prof_data_size                 
ffffffff  __TI_prof_data_start                
00000000  __TI_static_base__                  
0001007d  __TI_zero_init                      
0000ff2d  __aeabi_memclr                      
0000ff2d  __aeabi_memclr4                     
0000ff2d  __aeabi_memclr8                     
0000fe11  __aeabi_memcpy                      
0000fe11  __aeabi_memcpy4                     
0000fe11  __aeabi_memcpy8                     
0000ff2f  __aeabi_memset                      
0000ff2f  __aeabi_memset4                     
0000ff2f  __aeabi_memset8                     
ffffffff  __binit__                           
ffffffff  __c_args__                          
08001000  __start___llvm_prf_cnts             
08001000  __stop___llvm_prf_cnts              
0000ed5c  _c_int00                            
0000e9a0  _coreClearAuxiliaryDataFault_       
0000e9b4  _coreClearAuxiliaryInstructionFault_
0000e978  _coreClearDataFaultAddress_         
0000e950  _coreClearDataFault_                
0000e98c  _coreClearInstructionFaultAddress_  
0000e964  _coreClearInstructionFault_         
0000e8e4  _coreDisableEventBusExport_         
0000e928  _coreDisableFlashEcc_               
0000e904  _coreDisableRamEcc_                 
0000e8d4  _coreEnableEventBusExport_          
0000e914  _coreEnableFlashEcc_                
0000e938  _coreEnableIrqVicOffset_            
0000e8f4  _coreEnableRamEcc_                  
0000e8bc  _coreEnableVfp_                     
0000e998  _coreGetAuxiliaryDataFault_         
0000e9ac  _coreGetAuxiliaryInstructionFault_  
0000e970  _coreGetDataFaultAddress_           
0000e948  _coreGetDataFault_                  
0000e984  _coreGetInstructionFaultAddress_    
0000e95c  _coreGetInstructionFault_           
0000e744  _coreInitRegisters_                 
0000e850  _coreInitStackPointer_              
0000fab4  _dabort                             
0000e9c8  _disable_FIQ_interrupt_             
0000e9d0  _disable_IRQ_interrupt_             
0000e9c0  _disable_interrupt_                 
0000e9d8  _enable_interrupt_                  
0000ea68  _errata_CORTEXR4_57_                
0000ea78  _errata_CORTEXR4_66_                
0000db24  _errata_SSWF021_45_both_plls        
0000dd18  _errata_SSWF021_45_pll1             
0000de90  _errata_SSWF021_45_pll2             
0000e9e0  _esmCcmErrorsClear_                 
0000e89c  _getCPSRValue_                      
0000e8a4  _gotoCPUIdle_                       
0000fcd8  _pmuDisableCountersGlobal_          
0000fcc8  _pmuEnableCountersGlobal_           
0000fd34  _pmuGetCycleCount_                  
0000fd3c  _pmuGetEventCount_                  
0000fd48  _pmuGetOverflow_                    
0000fc7c  _pmuInit_                           
0000fd08  _pmuResetCounters_                  
0000fce8  _pmuResetCycleCounter_              
0000fcf8  _pmuResetEventCounters_             
0000fd28  _pmuSetCountEvent_                  
0000fd18  _pmuStartCounters_                  
0000fd20  _pmuStopCounters_                   
000037e8  _sys_memory                         
UNDEFED   _system_post_cinit                  
00010089  abort                               
0000926c  adc1ParityCheck                     
00009358  adc2ParityCheck                     
ffffffff  binit                               
00009410  can1ParityCheck                     
000094e8  can2ParityCheck                     
000095b0  can3ParityCheck                     
00008030  ccmSelfCheck                        
0000a6fc  ccmr4GetConfigValue                 
00008938  checkB0RAMECC                       
00008b28  checkB1RAMECC                       
00009c18  checkClockMonitor                   
00008d18  checkFlashECC                       
00009cf4  checkFlashEEPROMECC                 
00009e8c  checkPLL1Slip                       
00009f8c  checkPLL2Slip                       
0000a050  checkRAMAddrParity                  
000099d0  checkRAMECC                         
0000a15c  checkRAMUERRTest                    
000087bc  checkefcSelfTest                    
00008234  cpuSelfTest                         
00008dfc  cpuSelfTestFail                     
0000b784  customTrimLPO                       
00008df4  custom_dabort                       
08003000  dfgmBuffer                          
0000cf00  dfgm_convert_mag                    
0000ab58  disableParity                       
0000ff18  dmaGroupANotification               
00008eac  dmaParityCheck                      
00001f00  eTaskConfirmSleepModeStatus         
00000888  eTaskGetState                       
00008660  efcCheck                            
0000a660  efcGetConfigValue                   
00008794  efcSelfTest                         
000086e8  efcStuckZeroTest                    
0000aad0  enableParity                        
0000a76c  errata_PBIST_4                      
0000e30c  esmActivateNormalOperation          
0000e3e0  esmClearStatus                      
0000e420  esmClearStatusBuffer                
0000e2d4  esmDisableError                     
0000e344  esmDisableInterrupt                 
0000e2ac  esmEnableError                      
0000e31c  esmEnableInterrupt                  
0000e518  esmEnterSelfTest                    
0000e290  esmError                            
0000e5f0  esmGetConfigValue                   
0000e45c  esmGetStatus                        
0000e4e0  esmGetStatusBuffer                  
0000feac  esmGroup1Notification               
0000febc  esmGroup2Notification               
0000f9a0  esmHighInterrupt                    
0000e188  esmInit                             
0000e5a0  esmSelfTestStatus                   
0000e43c  esmSetCounterPreloadValue           
0000e36c  esmSetInterruptLevel                
0000e2fc  esmTriggerErrorPinReset             
0000fb9d  floor                               
0000fb9d  floorl                              
0000a2c4  fmcBus1ParityCheck                  
0000885c  fmcBus2Check                        
00008898  fmcECCcheck                         
00010090  handlePLLLockFail                   
00008f58  het1ParityCheck                     
000090c0  het2ParityCheck                     
00009004  htu1ParityCheck                     
000091bc  htu2ParityCheck                     
0000f494  linHighLevelInterrupt               
0000fd5c  main                                
0000ae64  mapClocks                           
0000fe11  memcpy                              
00008174  memoryInit                          
0000fecc  memoryPort0TestFailNotification     
0000fee8  memoryPort1TestFailNotification     
0000ff35  memset                              
00009684  mibspi1ParityCheck                  
0000978c  mibspi3ParityCheck                  
000098b0  mibspi5ParityCheck                  
0000c2b8  muxInit                             
0000a3ec  pbistFail                           
0000a470  pbistGetConfigValue                 
000085a8  pbistIsTestCompleted                
000085d4  pbistIsTestPassed                   
00008608  pbistPortTestStatus                 
000084ac  pbistRun                            
000082cc  pbistSelfCheck                      
00008578  pbistStop                           
00001344  pcTaskGetName                       
0000ae10  periphInit                          
0001008c  phantomInterrupt                    
0000c754  pinmuxGetConfigValue                
00003060  prvMpuDisable                       
00003048  prvMpuEnable                        
00003030  prvMpuSetRegion                     
00003468  pvPortMalloc                        
00001fe0  pvTaskGetThreadLocalStoragePointer  
080008d0  pxCurrentTCB                        
00003088  pxPortInitialiseStack               
0000cb6c  receive_packet                      
00000000  resetEntry                          
0000d834  sciDisableLoopback                  
0000d8c0  sciDisableNotification              
0000d800  sciEnableLoopback                   
0000d858  sciEnableNotification               
0000d928  sciEnterResetState                  
0000d948  sciExitResetState                   
0000d36c  sciInit                             
0000d6b0  sciIsIdleDetected                   
0000d694  sciIsRxReady                        
0000d514  sciIsTxReady                        
0000fd7c  sciNotification                     
0000d728  sciReceive                          
0000d6fc  sciReceiveByte                      
0000d6cc  sciRxError                          
0000d560  sciSend                             
0000d530  sciSendByte                         
0000d478  sciSetBaudrate                      
0000d458  sciSetFunctional                    
0000d968  scilinGetConfigValue                
00008020  selftestFailNotification            
0000d0fc  send_packet                         
0000add0  setupFlash                          
0000acfc  setupPLL                            
0000b648  sramGetConfigValue                  
0000a5bc  stcGetConfigValue                   
000081b8  stcSelfCheck                        
00008df8  stcSelfCheckFail                    
00010059  strlen                              
0000b088  systemGetConfigValue                
0000af8c  systemInit                          
0000b058  systemPowerDown                     
0000b49c  tcmflashGetConfigValue              
0000ad5c  trimLPO                             
08003520  ulCriticalNesting                   
00002f58  ulPortCountLeadingZeros             
08003524  ulTaskHasFPUContext                 
00002378  ulTaskNotifyTake                    
0000f408  uxListRemove                        
00001338  uxTaskGetNumberOfTasks              
00002224  uxTaskGetStackHighWaterMark         
0000098c  uxTaskPriorityGet                   
000009d0  uxTaskPriorityGetFromISR            
0000233c  uxTaskResetEventItemValue           
0000f25c  vListInitialise                     
0000f2b4  vListInitialiseItem                 
0000f344  vListInsert                         
0000f2d0  vListInsertEnd                      
00003434  vPortEndScheduler                   
000036bc  vPortFree                           
000037cc  vPortInitialiseBlocks               
00002f4c  vPortInitialiseFPSCR                
00002e4c  vPortPreemptiveTick                 
00002f60  vPortSWI                            
00002bdc  vPortStartFirstTask                 
0000319c  vPortStoreTaskMPUSettings           
00002d58  vPortYeildWithinAPI                 
00002c6c  vPortYieldProcessor                 
0000204c  vTaskAllocateMPURegions             
00000804  vTaskDelay                          
00000698  vTaskDelayUntil                     
00000530  vTaskDelete                         
00001074  vTaskEndScheduler                   
00001ef0  vTaskMissedYield                    
00002930  vTaskNotifyGiveFromISR              
00001ab8  vTaskPlaceOnEventList               
00001afc  vTaskPlaceOnUnorderedEventList      
00000a18  vTaskPrioritySet                    
00000e14  vTaskResume                         
00001f7c  vTaskSetThreadLocalStoragePointer   
00001d74  vTaskSetTimeOutState                
00000fdc  vTaskStartScheduler                 
00001658  vTaskStepTick                       
00000c10  vTaskSuspend                        
00001090  vTaskSuspendAll                     
000019d8  vTaskSwitchContext                  
0000b934  vimChannelMap                       
0000bba0  vimDisableInterrupt                 
0000b9d8  vimEnableInterrupt                  
0000bc4c  vimGetConfigValue                   
0000b860  vimInit                             
00008e00  vimParityCheck                      
0000ea90  vimParityErrorHandler               
000037b4  xPortGetFreeHeapSize                
000037c0  xPortGetMinimumEverFreeHeapSize     
00003410  xPortStartScheduler                 
000016b4  xTaskAbortDelay                     
00001db8  xTaskCheckForTimeOut                
000000fc  xTaskCreate                         
00000020  xTaskCreateRestricted               
00002560  xTaskGenericNotify                  
00002730  xTaskGenericNotifyFromISR           
00001518  xTaskGetHandle                      
00001620  xTaskGetIdleTaskHandle              
000022ec  xTaskGetSchedulerState              
000012f8  xTaskGetTickCount                   
00001314  xTaskGetTickCountFromISR            
000017b0  xTaskIncrementTick                  
0000f924  xTaskNotifyStateClear               
0000244c  xTaskNotifyWait                     
00001b80  xTaskRemoveFromEventList            
00001c70  xTaskRemoveFromUnorderedEventList   
00001148  xTaskResumeAll                      
00000ef4  xTaskResumeFromISR                  


GLOBAL SYMBOLS: SORTED BY Symbol Address 

address   name                                
-------   ----                                
00000000  __TI_static_base__                  
00000000  resetEntry                          
00000020  xTaskCreateRestricted               
000000fc  xTaskCreate                         
00000530  vTaskDelete                         
00000698  vTaskDelayUntil                     
00000800  __SYSMEM_SIZE                       
00000804  vTaskDelay                          
00000888  eTaskGetState                       
0000098c  uxTaskPriorityGet                   
000009d0  uxTaskPriorityGetFromISR            
00000a18  vTaskPrioritySet                    
00000c10  vTaskSuspend                        
00000e14  vTaskResume                         
00000ef4  xTaskResumeFromISR                  
00000fdc  vTaskStartScheduler                 
00001074  vTaskEndScheduler                   
00001090  vTaskSuspendAll                     
00001148  xTaskResumeAll                      
000012f8  xTaskGetTickCount                   
00001314  xTaskGetTickCountFromISR            
00001338  uxTaskGetNumberOfTasks              
00001344  pcTaskGetName                       
00001518  xTaskGetHandle                      
00001620  xTaskGetIdleTaskHandle              
00001658  vTaskStepTick                       
000016b4  xTaskAbortDelay                     
000017b0  xTaskIncrementTick                  
000019d8  vTaskSwitchContext                  
00001ab8  vTaskPlaceOnEventList               
00001afc  vTaskPlaceOnUnorderedEventList      
00001b80  xTaskRemoveFromEventList            
00001c70  xTaskRemoveFromUnorderedEventList   
00001d74  vTaskSetTimeOutState                
00001db8  xTaskCheckForTimeOut                
00001ef0  vTaskMissedYield                    
00001f00  eTaskConfirmSleepModeStatus         
00001f7c  vTaskSetThreadLocalStoragePointer   
00001fe0  pvTaskGetThreadLocalStoragePointer  
0000204c  vTaskAllocateMPURegions             
00002224  uxTaskGetStackHighWaterMark         
000022ec  xTaskGetSchedulerState              
0000233c  uxTaskResetEventItemValue           
00002378  ulTaskNotifyTake                    
0000244c  xTaskNotifyWait                     
00002560  xTaskGenericNotify                  
00002730  xTaskGenericNotifyFromISR           
00002930  vTaskNotifyGiveFromISR              
00002bdc  vPortStartFirstTask                 
00002c6c  vPortYieldProcessor                 
00002d58  vPortYeildWithinAPI                 
00002e4c  vPortPreemptiveTick                 
00002f4c  vPortInitialiseFPSCR                
00002f58  ulPortCountLeadingZeros             
00002f60  vPortSWI                            
00003030  prvMpuSetRegion                     
00003048  prvMpuEnable                        
00003060  prvMpuDisable                       
00003088  pxPortInitialiseStack               
0000319c  vPortStoreTaskMPUSettings           
00003410  xPortStartScheduler                 
00003434  vPortEndScheduler                   
00003468  pvPortMalloc                        
000036bc  vPortFree                           
000037b4  xPortGetFreeHeapSize                
000037c0  xPortGetMinimumEverFreeHeapSize     
000037cc  vPortInitialiseBlocks               
000037e8  _sys_memory                         
00003fe8  __TI_Handler_Table_Base             
00003ff4  __TI_Handler_Table_Limit            
00004018  __TI_CINIT_Base                     
00004038  __TI_CINIT_Limit                    
00008020  selftestFailNotification            
00008030  ccmSelfCheck                        
00008174  memoryInit                          
000081b8  stcSelfCheck                        
00008234  cpuSelfTest                         
000082cc  pbistSelfCheck                      
000084ac  pbistRun                            
00008578  pbistStop                           
000085a8  pbistIsTestCompleted                
000085d4  pbistIsTestPassed                   
00008608  pbistPortTestStatus                 
00008660  efcCheck                            
000086e8  efcStuckZeroTest                    
00008794  efcSelfTest                         
000087bc  checkefcSelfTest                    
0000885c  fmcBus2Check                        
00008898  fmcECCcheck                         
00008938  checkB0RAMECC                       
00008b28  checkB1RAMECC                       
00008d18  checkFlashECC                       
00008df4  custom_dabort                       
00008df8  stcSelfCheckFail                    
00008dfc  cpuSelfTestFail                     
00008e00  vimParityCheck                      
00008eac  dmaParityCheck                      
00008f58  het1ParityCheck                     
00009004  htu1ParityCheck                     
000090c0  het2ParityCheck                     
000091bc  htu2ParityCheck                     
0000926c  adc1ParityCheck                     
00009358  adc2ParityCheck                     
00009410  can1ParityCheck                     
000094e8  can2ParityCheck                     
000095b0  can3ParityCheck                     
00009684  mibspi1ParityCheck                  
0000978c  mibspi3ParityCheck                  
000098b0  mibspi5ParityCheck                  
000099d0  checkRAMECC                         
00009c18  checkClockMonitor                   
00009cf4  checkFlashEEPROMECC                 
00009e8c  checkPLL1Slip                       
00009f8c  checkPLL2Slip                       
0000a050  checkRAMAddrParity                  
0000a15c  checkRAMUERRTest                    
0000a2c4  fmcBus1ParityCheck                  
0000a3ec  pbistFail                           
0000a470  pbistGetConfigValue                 
0000a5bc  stcGetConfigValue                   
0000a660  efcGetConfigValue                   
0000a6fc  ccmr4GetConfigValue                 
0000a76c  errata_PBIST_4                      
0000aad0  enableParity                        
0000ab58  disableParity                       
0000acfc  setupPLL                            
0000ad5c  trimLPO                             
0000add0  setupFlash                          
0000ae10  periphInit                          
0000ae64  mapClocks                           
0000af8c  systemInit                          
0000b058  systemPowerDown                     
0000b088  systemGetConfigValue                
0000b49c  tcmflashGetConfigValue              
0000b648  sramGetConfigValue                  
0000b784  customTrimLPO                       
0000b860  vimInit                             
0000b934  vimChannelMap                       
0000b9d8  vimEnableInterrupt                  
0000bba0  vimDisableInterrupt                 
0000bc4c  vimGetConfigValue                   
0000c2b8  muxInit                             
0000c754  pinmuxGetConfigValue                
0000cb6c  receive_packet                      
0000cf00  dfgm_convert_mag                    
0000d0fc  send_packet                         
0000d36c  sciInit                             
0000d458  sciSetFunctional                    
0000d478  sciSetBaudrate                      
0000d514  sciIsTxReady                        
0000d530  sciSendByte                         
0000d560  sciSend                             
0000d694  sciIsRxReady                        
0000d6b0  sciIsIdleDetected                   
0000d6cc  sciRxError                          
0000d6fc  sciReceiveByte                      
0000d728  sciReceive                          
0000d800  sciEnableLoopback                   
0000d834  sciDisableLoopback                  
0000d858  sciEnableNotification               
0000d8c0  sciDisableNotification              
0000d928  sciEnterResetState                  
0000d948  sciExitResetState                   
0000d968  scilinGetConfigValue                
0000db24  _errata_SSWF021_45_both_plls        
0000dd18  _errata_SSWF021_45_pll1             
0000de90  _errata_SSWF021_45_pll2             
0000e188  esmInit                             
0000e290  esmError                            
0000e2ac  esmEnableError                      
0000e2d4  esmDisableError                     
0000e2fc  esmTriggerErrorPinReset             
0000e30c  esmActivateNormalOperation          
0000e31c  esmEnableInterrupt                  
0000e344  esmDisableInterrupt                 
0000e36c  esmSetInterruptLevel                
0000e3e0  esmClearStatus                      
0000e420  esmClearStatusBuffer                
0000e43c  esmSetCounterPreloadValue           
0000e45c  esmGetStatus                        
0000e4e0  esmGetStatusBuffer                  
0000e518  esmEnterSelfTest                    
0000e5a0  esmSelfTestStatus                   
0000e5f0  esmGetConfigValue                   
0000e744  _coreInitRegisters_                 
0000e850  _coreInitStackPointer_              
0000e89c  _getCPSRValue_                      
0000e8a4  _gotoCPUIdle_                       
0000e8bc  _coreEnableVfp_                     
0000e8d4  _coreEnableEventBusExport_          
0000e8e4  _coreDisableEventBusExport_         
0000e8f4  _coreEnableRamEcc_                  
0000e904  _coreDisableRamEcc_                 
0000e914  _coreEnableFlashEcc_                
0000e928  _coreDisableFlashEcc_               
0000e938  _coreEnableIrqVicOffset_            
0000e948  _coreGetDataFault_                  
0000e950  _coreClearDataFault_                
0000e95c  _coreGetInstructionFault_           
0000e964  _coreClearInstructionFault_         
0000e970  _coreGetDataFaultAddress_           
0000e978  _coreClearDataFaultAddress_         
0000e984  _coreGetInstructionFaultAddress_    
0000e98c  _coreClearInstructionFaultAddress_  
0000e998  _coreGetAuxiliaryDataFault_         
0000e9a0  _coreClearAuxiliaryDataFault_       
0000e9ac  _coreGetAuxiliaryInstructionFault_  
0000e9b4  _coreClearAuxiliaryInstructionFault_
0000e9c0  _disable_interrupt_                 
0000e9c8  _disable_FIQ_interrupt_             
0000e9d0  _disable_IRQ_interrupt_             
0000e9d8  _enable_interrupt_                  
0000e9e0  _esmCcmErrorsClear_                 
0000ea68  _errata_CORTEXR4_57_                
0000ea78  _errata_CORTEXR4_66_                
0000ea88  __TI_PINIT_Base                     
0000ea8c  __TI_PINIT_Limit                    
0000ea90  vimParityErrorHandler               
0000ed5c  _c_int00                            
0000f25c  vListInitialise                     
0000f2b4  vListInitialiseItem                 
0000f2d0  vListInsertEnd                      
0000f344  vListInsert                         
0000f408  uxListRemove                        
0000f494  linHighLevelInterrupt               
0000f924  xTaskNotifyStateClear               
0000f9a0  esmHighInterrupt                    
0000fab4  _dabort                             
0000fb9d  floor                               
0000fb9d  floorl                              
0000fc7c  _pmuInit_                           
0000fcc8  _pmuEnableCountersGlobal_           
0000fcd8  _pmuDisableCountersGlobal_          
0000fce8  _pmuResetCycleCounter_              
0000fcf8  _pmuResetEventCounters_             
0000fd08  _pmuResetCounters_                  
0000fd18  _pmuStartCounters_                  
0000fd20  _pmuStopCounters_                   
0000fd28  _pmuSetCountEvent_                  
0000fd34  _pmuGetCycleCount_                  
0000fd3c  _pmuGetEventCount_                  
0000fd48  _pmuGetOverflow_                    
0000fd5c  main                                
0000fd7c  sciNotification                     
0000fe11  __aeabi_memcpy                      
0000fe11  __aeabi_memcpy4                     
0000fe11  __aeabi_memcpy8                     
0000fe11  memcpy                              
0000feac  esmGroup1Notification               
0000febc  esmGroup2Notification               
0000fecc  memoryPort0TestFailNotification     
0000fee8  memoryPort1TestFailNotification     
0000ff18  dmaGroupANotification               
0000ff2d  __aeabi_memclr                      
0000ff2d  __aeabi_memclr4                     
0000ff2d  __aeabi_memclr8                     
0000ff2f  __aeabi_memset                      
0000ff2f  __aeabi_memset4                     
0000ff2f  __aeabi_memset8                     
0000ff35  memset                              
0000ffa7  __TI_decompress_lzss                
00010015  __TI_auto_init_nobinit_nopinit      
00010059  strlen                              
0001006f  __TI_decompress_none                
0001007d  __TI_zero_init                      
00010089  C$$EXIT                             
00010089  abort                               
0001008c  phantomInterrupt                    
00010090  handlePLLLockFail                   
080008d0  pxCurrentTCB                        
08001000  __start___llvm_prf_cnts             
08001000  __stop___llvm_prf_cnts              
08003000  dfgmBuffer                          
08003520  ulCriticalNesting                   
08003524  ulTaskHasFPUContext                 
ffffffff  __TI_pprof_out_hndl                 
ffffffff  __TI_prof_data_size                 
ffffffff  __TI_prof_data_start                
ffffffff  __binit__                           
ffffffff  __c_args__                          
ffffffff  binit                               
UNDEFED   SHT$$INIT_ARRAY$$Base               
UNDEFED   SHT$$INIT_ARRAY$$Limit              
UNDEFED   _system_post_cinit                  

[284 symbols]
